Liverpool FC (LFC)                    	The Team Meeting: Content Creative Session  

#LFC x @Chaokoh_UK presents…pic.twitter.com/tBvq3F0GtD
Liverpool FC (LFC)                    	 FAB pic.twitter.com/dv9qFXTDwN
Liverpool FC (LFC)                    	Klopp's Liverpool continue to set records in the quest for a first @premierleague title and their latest victory saw the Reds match a landmark set under Shankly almost half a century ago... https://cards.twitter.com/cards/bnqrd/92twd …
Liverpool FC (LFC)                    	

@Alissonbecker has been presented with his Samba Gold award pic.twitter.com/erfd2TndCs
Liverpool FC (LFC)                    	Naby x Sadio pic.twitter.com/4QL61hAlj0
Liverpool FC (LFC)                    	“Everybody says we go game by game, we focus only on this and only on that, but it’s even more."

Don't miss our exclusive chat with Pepijn Lijnders as the Reds prepare for Saturday's #PL meet with @WatfordFC https://cards.twitter.com/cards/bnqrd/92szx …
Liverpool FC (LFC)                    	Every angle of @trentaa98's stunning free-kick against @WatfordFC last season 

#ThrowbackThursday | #LFC pic.twitter.com/pIleluHefO
Chaokoh (Chaokoh_UK)                  	Well if we have to go with one, which is it... 

They’re all such great ideas 

@LFC @JHenderson @andrewrobertso5
Andy Robertson (andrewrobertso5)      	Think we smashed it to be fair. For anyone else needing creative help please get in touch.pic.twitter.com/SbkYwwaQHL
Liverpool FC (LFC)                    	Creating content on and off the pitch 

All of the @Chaokoh_UK team meeting GIFs are available on our @GIPHY page 
Liverpool FC (LFC)                    	Footballers first, actors second...probably entertainers third. 

The Team Meeting: Bloopers and Outtakes 

#LFC x @Chaokoh_UK presents…pic.twitter.com/9a0PEFgqYK
Liverpool FC (LFC)                    	Coming soon. A team meeting with a difference. 

#LFC x @Chaokoh_UK presents…pic.twitter.com/92vW5icCO3
Liverpool FC (LFC)                    	#LFC continues reinvesting revenues to strengthen position on and off pitch.https://cards.twitter.com/cards/bnqrd/92pvm …
Liverpool FC (LFC)                    	#OnThisDay last year, Sadio netted THAT sublime backheel pic.twitter.com/fqtp9rrHxQ
Liverpool FC (LFC)                    	"He has had a taste of it and he wants more of that."

Neil Critchley lauded the talents of @curtisjr_10 after the 19-year-old netted a sensational eight-minute hat-trick for #LFCU23s https://cards.twitter.com/cards/bnqrd/92pfr …
Liverpool FC (LFC)                    	The first Reds captain to lift the European Cup 

#OnThisDay in 1967, Emlyn Hughes joined the Reds pic.twitter.com/Q6AUX6bEtO
Liverpool FC (LFC)                    	All focus on Saturday 

 @WatfordFCpic.twitter.com/1MIAgun8xo
Liverpool FC (LFC)                    	 @GWijnaldum pic.twitter.com/NAVUSDlCKu
Liverpool FC (LFC)                    	The Reds prepare for @WatfordFC 

The full gallery https://cards.twitter.com/cards/bnqrd/92hre …
Liverpool FC (LFC)                    	All smiles in training pic.twitter.com/xB0NdOMhFF
