{
  "ExitCode": 0,
  "Error": "",
  "Output": "The value for --int-option is: 23\n"
}